TAP version 13
# BROKER_CHILD_SHA256=e766c44676b1e08e6a829fab2700c7b51d4b6aad9680d038b407b2f18dd5dee5
# SOCKET_MODULE_SHA256=ccaff63617ed3136c6461dadbf3328cd3a0cba118fbc98578108024291541ca0
# BROKER_FIXTURE_SHA256=4d79dea39c3b21a0fafee249598b78a048d7382752ff03b996a267549be972e9
# Subtest: uses the strict 20-byte transport-v1 prelude and preserves helper bytes
ok 1 - uses the strict 20-byte transport-v1 prelude and preserves helper bytes
  ---
  duration_ms: 211.840077
  type: 'test'
  ...
# Subtest: rejects strict framing violation request-short
ok 2 - rejects strict framing violation request-short
  ---
  duration_ms: 138.020601
  type: 'test'
  ...
# Subtest: rejects strict framing violation request-magic
ok 3 - rejects strict framing violation request-magic
  ---
  duration_ms: 135.570043
  type: 'test'
  ...
# Subtest: rejects strict framing violation request-type
ok 4 - rejects strict framing violation request-type
  ---
  duration_ms: 147.071378
  type: 'test'
  ...
# Subtest: rejects strict framing violation request-flags
ok 5 - rejects strict framing violation request-flags
  ---
  duration_ms: 138.863874
  type: 'test'
  ...
# Subtest: rejects strict framing violation request-reserved
ok 6 - rejects strict framing violation request-reserved
  ---
  duration_ms: 134.987355
  type: 'test'
  ...
# Subtest: rejects strict framing violation request-length
ok 7 - rejects strict framing violation request-length
  ---
  duration_ms: 134.395272
  type: 'test'
  ...
# Subtest: rejects strict framing violation request-trailing
ok 8 - rejects strict framing violation request-trailing
  ---
  duration_ms: 139.08747
  type: 'test'
  ...
# Subtest: rejects strict framing violation request-oversized
ok 9 - rejects strict framing violation request-oversized
  ---
  duration_ms: 133.925491
  type: 'test'
  ...
# Subtest: rejects strict framing violation request-duplicate
ok 10 - rejects strict framing violation request-duplicate
  ---
  duration_ms: 136.125645
  type: 'test'
  ...
# Subtest: rejects strict framing violation request-unknown
ok 11 - rejects strict framing violation request-unknown
  ---
  duration_ms: 140.779772
  type: 'test'
  ...
# Subtest: rejects strict framing violation request-malformed
ok 12 - rejects strict framing violation request-malformed
  ---
  duration_ms: 137.313385
  type: 'test'
  ...
# Subtest: rejects strict framing violation request-id
ok 13 - rejects strict framing violation request-id
  ---
  duration_ms: 140.071731
  type: 'test'
  ...
# Subtest: requires actual EOF after the one request frame
ok 14 - requires actual EOF after the one request frame
  ---
  duration_ms: 338.689409
  type: 'test'
  ...
# Subtest: preserves helper structured failure and malformed stdout as opaque bytes
ok 15 - preserves helper structured failure and malformed stdout as opaque bytes
  ---
  duration_ms: 406.230533
  type: 'test'
  ...
# Subtest: classifies fixed-helper exec and injected setup failures in framed responses
ok 16 - classifies fixed-helper exec and injected setup failures in framed responses
  ---
  duration_ms: 707.441617
  type: 'test'
  ...
# Subtest: duplexes a 4 MiB request and accepts a 6 MiB response
ok 17 - duplexes a 4 MiB request and accepts a 6 MiB response
  ---
  duration_ms: 1100.192763
  type: 'test'
  ...
# Subtest: turns helper stdout cap plus one into transport_failure
ok 18 - turns helper stdout cap plus one into transport_failure
  ---
  duration_ms: 296.150546
  type: 'test'
  ...
# Subtest: retains bounded stderr while draining excess
ok 19 - retains bounded stderr while draining excess
  ---
  duration_ms: 210.221039
  type: 'test'
  ...
# Subtest: times out, signals, and reaps before framing the response
ok 20 - times out, signals, and reaps before framing the response
  ---
  duration_ms: 272.88423
  type: 'test'
  ...
# Subtest: reaps the child after disconnect before exec
ok 21 - reaps the child after disconnect before exec
  ---
  duration_ms: 133.442082
  type: 'test'
  ...
# Subtest: reaps the child after disconnect after exec
ok 22 - reaps the child after disconnect after exec
  ---
  duration_ms: 137.872247
  type: 'test'
  ...
# Subtest: rejects a truncated response frame
ok 23 - rejects a truncated response frame
  ---
  duration_ms: 138.753076
  type: 'test'
  ...
# Subtest: rejects strict response violation response-malformed
ok 24 - rejects strict response violation response-malformed
  ---
  duration_ms: 140.07122
  type: 'test'
  ...
# Subtest: rejects strict response violation response-duplicate
ok 25 - rejects strict response violation response-duplicate
  ---
  duration_ms: 144.28643
  type: 'test'
  ...
# Subtest: rejects strict response violation response-unknown
ok 26 - rejects strict response violation response-unknown
  ---
  duration_ms: 149.158934
  type: 'test'
  ...
# Subtest: rejects strict response violation response-type
ok 27 - rejects strict response violation response-type
  ---
  duration_ms: 167.149071
  type: 'test'
  ...
# Subtest: rejects strict response violation response-outcome
ok 28 - rejects strict response violation response-outcome
  ---
  duration_ms: 169.813779
  type: 'test'
  ...
# Subtest: rejects strict response violation response-id
ok 29 - rejects strict response violation response-id
  ---
  duration_ms: 172.441283
  type: 'test'
  ...
# Subtest: rejects strict response violation response-lifecycle
ok 30 - rejects strict response violation response-lifecycle
  ---
  duration_ms: 171.752878
  type: 'test'
  ...
# Subtest: rejects strict response violation response-trailing
ok 31 - rejects strict response violation response-trailing
  ---
  duration_ms: 140.174647
  type: 'test'
  ...
# Subtest: rejects duplicate response key protocol
ok 32 - rejects duplicate response key protocol
  ---
  duration_ms: 156.992646
  type: 'test'
  ...
# Subtest: rejects duplicate response key requestId
ok 33 - rejects duplicate response key requestId
  ---
  duration_ms: 151.801786
  type: 'test'
  ...
# Subtest: rejects duplicate response key outcome
ok 34 - rejects duplicate response key outcome
  ---
  duration_ms: 155.702803
  type: 'test'
  ...
# Subtest: rejects duplicate response key stdoutLength
ok 35 - rejects duplicate response key stdoutLength
  ---
  duration_ms: 154.808163
  type: 'test'
  ...
# Subtest: rejects duplicate response key stderrLength
ok 36 - rejects duplicate response key stderrLength
  ---
  duration_ms: 155.981418
  type: 'test'
  ...
# Subtest: rejects duplicate response key startState
ok 37 - rejects duplicate response key startState
  ---
  duration_ms: 156.333527
  type: 'test'
  ...
# Subtest: rejects duplicate response key stdoutEof
ok 38 - rejects duplicate response key stdoutEof
  ---
  duration_ms: 154.477844
  type: 'test'
  ...
# Subtest: rejects duplicate response key stderrEof
ok 39 - rejects duplicate response key stderrEof
  ---
  duration_ms: 160.250531
  type: 'test'
  ...
# Subtest: rejects duplicate response key stderrTruncated
ok 40 - rejects duplicate response key stderrTruncated
  ---
  duration_ms: 158.015795
  type: 'test'
  ...
# Subtest: rejects duplicate response key stderrDrained
ok 41 - rejects duplicate response key stderrDrained
  ---
  duration_ms: 162.95339
  type: 'test'
  ...
# Subtest: rejects duplicate response key childReaped
ok 42 - rejects duplicate response key childReaped
  ---
  duration_ms: 158.044812
  type: 'test'
  ...
# Subtest: rejects duplicate response key exitCode
ok 43 - rejects duplicate response key exitCode
  ---
  duration_ms: 158.046887
  type: 'test'
  ...
# Subtest: rejects duplicate response key signal
ok 44 - rejects duplicate response key signal
  ---
  duration_ms: 157.5329
  type: 'test'
  ...
# Subtest: rejects duplicate response key stage
ok 45 - rejects duplicate response key stage
  ---
  duration_ms: 158.931468
  type: 'test'
  ...
# Subtest: rejects duplicate response key reason
ok 46 - rejects duplicate response key reason
  ---
  duration_ms: 153.821249
  type: 'test'
  ...
# Subtest: rejects decoded response key violation response-escaped-outcome
ok 47 - rejects decoded response key violation response-escaped-outcome
  ---
  duration_ms: 154.420855
  type: 'test'
  ...
# Subtest: rejects decoded response key violation response-escaped-stdout-length
ok 48 - rejects decoded response key violation response-escaped-stdout-length
  ---
  duration_ms: 150.99262
  type: 'test'
  ...
# Subtest: rejects decoded response key violation response-escaped-child-reaped
ok 49 - rejects decoded response key violation response-escaped-child-reaped
  ---
  duration_ms: 152.251602
  type: 'test'
  ...
# Subtest: rejects decoded response key violation response-key-invalid-escape
ok 50 - rejects decoded response key violation response-key-invalid-escape
  ---
  duration_ms: 146.588463
  type: 'test'
  ...
# Subtest: rejects decoded response key violation response-key-high-surrogate
ok 51 - rejects decoded response key violation response-key-high-surrogate
  ---
  duration_ms: 142.038125
  type: 'test'
  ...
# Subtest: rejects decoded response key violation response-key-low-surrogate
ok 52 - rejects decoded response key violation response-key-low-surrogate
  ---
  duration_ms: 150.287
  type: 'test'
  ...
# Subtest: rejects outcome matrix violation response-timeout-exit
ok 53 - rejects outcome matrix violation response-timeout-exit
  ---
  duration_ms: 177.695222
  type: 'test'
  ...
# Subtest: rejects outcome matrix violation response-timeout-not-started
ok 54 - rejects outcome matrix violation response-timeout-not-started
  ---
  duration_ms: 184.698249
  type: 'test'
  ...
# Subtest: rejects outcome matrix violation response-spawn-signal
ok 55 - rejects outcome matrix violation response-spawn-signal
  ---
  duration_ms: 191.992952
  type: 'test'
  ...
# Subtest: rejects outcome matrix violation response-setup-exit
ok 56 - rejects outcome matrix violation response-setup-exit
  ---
  duration_ms: 191.189031
  type: 'test'
  ...
# Subtest: rejects outcome matrix violation response-transport-not-started-signal
ok 57 - rejects outcome matrix violation response-transport-not-started-signal
  ---
  duration_ms: 182.297239
  type: 'test'
  ...
# Subtest: rejects outcome matrix violation response-transport-started-no-reap
ok 58 - rejects outcome matrix violation response-transport-started-no-reap
  ---
  duration_ms: 191.697316
  type: 'test'
  ...
# Subtest: rejects outcome matrix violation response-stage-enum
ok 59 - rejects outcome matrix violation response-stage-enum
  ---
  duration_ms: 170.005797
  type: 'test'
  ...
# Subtest: rejects outcome matrix violation response-reason-enum
ok 60 - rejects outcome matrix violation response-reason-enum
  ---
  duration_ms: 178.477314
  type: 'test'
  ...
# Subtest: rejects outcome matrix violation response-stderr-truncated-false
ok 61 - rejects outcome matrix violation response-stderr-truncated-false
  ---
  duration_ms: 172.146216
  type: 'test'
  ...
# Subtest: rejects outcome matrix violation response-stderr-truncated-true
ok 62 - rejects outcome matrix violation response-stderr-truncated-true
  ---
  duration_ms: 169.302641
  type: 'test'
  ...
# Subtest: rejects unsigned response length response-header-high-bit
ok 63 - rejects unsigned response length response-header-high-bit
  ---
  duration_ms: 141.548434
  type: 'test'
  ...
# Subtest: rejects unsigned response length response-header-max
ok 64 - rejects unsigned response length response-header-max
  ---
  duration_ms: 140.213714
  type: 'test'
  ...
# Subtest: rejects unsigned response length response-body-high-bit
ok 65 - rejects unsigned response length response-body-high-bit
  ---
  duration_ms: 137.388251
  type: 'test'
  ...
# Subtest: rejects unsigned response length response-body-max
ok 66 - rejects unsigned response length response-body-max
  ---
  duration_ms: 154.780561
  type: 'test'
  ...
# Subtest: does not grow descriptors over 100 framed requests
ok 67 - does not grow descriptors over 100 framed requests
  ---
  duration_ms: 4964.932382
  type: 'test'
  ...
# Subtest: classifies injected fork failure without fabricating a child or reap
ok 68 - classifies injected fork failure without fabricating a child or reap
  ---
  duration_ms: 344.527836
  type: 'test'
  ...
# Subtest: classifies a missing fixed child from a complete exec error record
ok 69 - classifies a missing fixed child from a complete exec error record
  ---
  duration_ms: 218.85683
  type: 'test'
  ...
# Subtest: retries interrupted status-record writes without reporting started
ok 70 - retries interrupted status-record writes without reporting started
  ---
  duration_ms: 212.343354
  type: 'test'
  ...
# Subtest: completes partial status-record writes without reporting started
ok 71 - completes partial status-record writes without reporting started
  ---
  duration_ms: 214.999209
  type: 'test'
  ...
# Subtest: fails closed when the status record cannot be written
ok 72 - fails closed when the status record cannot be written
  ---
  duration_ms: 232.290833
  type: 'test'
  ...
# Subtest: rejects a complete status record with an unknown stage
ok 73 - rejects a complete status record with an unknown stage
  ---
  duration_ms: 216.955687
  type: 'test'
  ...
# Subtest: classifies stdin_dup2 setup failure from a complete status record
ok 74 - classifies stdin_dup2 setup failure from a complete status record
  ---
  duration_ms: 210.281441
  type: 'test'
  ...
# Subtest: classifies stdout_dup2 setup failure from a complete status record
ok 75 - classifies stdout_dup2 setup failure from a complete status record
  ---
  duration_ms: 243.126589
  type: 'test'
  ...
# Subtest: classifies stderr_dup2 setup failure from a complete status record
ok 76 - classifies stderr_dup2 setup failure from a complete status record
  ---
  duration_ms: 227.119843
  type: 'test'
  ...
# Subtest: classifies successful exec only from close-on-exec EOF
ok 77 - classifies successful exec only from close-on-exec EOF
  ---
  duration_ms: 68.256613
  type: 'test'
  ...
# Subtest: does not reinterpret child exit 127 as spawn failure
ok 78 - does not reinterpret child exit 127 as spawn failure
  ---
  duration_ms: 66.954557
  type: 'test'
  ...
# Subtest: does not reinterpret child exit 255 as spawn failure
ok 79 - does not reinterpret child exit 255 as spawn failure
  ---
  duration_ms: 65.233666
  type: 'test'
  ...
# Subtest: does not reinterpret missing child stdout as spawn failure
ok 80 - does not reinterpret missing child stdout as spawn failure
  ---
  duration_ms: 66.750665
  type: 'test'
  ...
# Subtest: terminates and reaps a cooperative 30-second child after one 100 ms deadline
ok 81 - terminates and reaps a cooperative 30-second child after one 100 ms deadline
  ---
  duration_ms: 139.195967
  type: 'test'
  ...
# Subtest: kills and reaps a TERM-ignoring 30-second child after bounded grace
ok 82 - kills and reaps a TERM-ignoring 30-second child after bounded grace
  ---
  duration_ms: 238.211811
  type: 'test'
  ...
# Subtest: terminates the dedicated process group including a forked descendant
ok 83 - terminates the dedicated process group including a forked descendant
  ---
  duration_ms: 237.700631
  type: 'test'
  ...
# Subtest: repeated EINTR and pipe wakeups do not extend the absolute deadline
ok 84 - repeated EINTR and pipe wakeups do not extend the absolute deadline
  ---
  duration_ms: 334.722063
  type: 'test'
  ...
# Subtest: stops retaining child stdout at cap plus one byte
ok 85 - stops retaining child stdout at cap plus one byte
  ---
  duration_ms: 65.005258
  type: 'test'
  ...
# Subtest: retains 4096 stderr bytes while draining all excess
ok 86 - retains 4096 stderr bytes while draining all excess
  ---
  duration_ms: 144.393032
  type: 'test'
  ...
# Subtest: continuous stderr flood cannot starve deadline or bounded escalation
ok 87 - continuous stderr flood cannot starve deadline or bounded escalation
  ---
  duration_ms: 246.089993
  type: 'test'
  ...
# Subtest: delayed setpgid cannot escape direct-child timeout signaling
ok 88 - delayed setpgid cannot escape direct-child timeout signaling
  ---
  duration_ms: 335.55006
  type: 'test'
  ...
# Subtest: group ESRCH after direct reap never falls back to reusable positive PID
ok 89 - group ESRCH after direct reap never falls back to reusable positive PID
  ---
  duration_ms: 436.757647
  type: 'test'
  ...
# Subtest: pumps child stdin, stdout, and stderr concurrently
ok 90 - pumps child stdin, stdout, and stderr concurrently
  ---
  duration_ms: 78.521149
  type: 'test'
  ...
1..90
# tests 90
# suites 0
# pass 90
# fail 0
# cancelled 0
# skipped 0
# todo 0
# duration_ms 22721.072671
